node.exe : ΓÜá Warning: 
Next.js inferred your 
workspace root, but it may 
not be correct.
At line:1 char:1
+ & "C:\Program 
Files\nodejs/node.exe" 
"C:\Program 
Files\nodejs/node_mo ...
+ ~~~~~~~~~~~~~~~~~~~~~~~~~~~
~~~~~~~~~~~~~~~~~~~~~~~~~~~~~
~~~~~~~~~~~~~
    + CategoryInfo           
   : NotSpecified: (ΓÜá War  
  ning: Ne...not be correc   
 t.:String) [], RemoteExc    
eption
    + FullyQualifiedErrorId  
   : NativeCommandError
 
 We detected multiple 
lockfiles and selected the 
directory of C:\Users\njeri\p
ackage-lock.json as the root 
directory.
 To silence this warning, 
set `turbopack.root` in your 
Next.js config, or consider 
removing one of the 
lockfiles if it's not needed.
   See https://nextjs.org/doc
s/app/api-reference/config/ne
xt-config-js/turbopack#root-d
irectory for more 
information.
 Detected additional 
lockfiles: 
   * C:\Users\njeri\Desktop\R
iftshop\riftshop\package-lock
.json

Γû▓ Next.js 16.1.6 (Turbopack)
- Environments: .env

  Creating an optimized production build ...

> Build error occurred
Error: Turbopack build 
failed with 2 errors:
./Desktop/Riftshop/riftshop/a
pp/(admin)/dashboard/page.tsx
:22:64
Parsing ecmascript source 
code failed
[0m [90m 20 |[39m         
[33m<[39m[33m/[39m[33mdi
v[39m[33m>[39m
 [90m 21 |[39m         
[33m<[39m[33mdiv[39m clas
sName[33m=[39m[32m"bg-gree
n-500 text-white p-6 
rounded-xl 
shadow-lg"[39m[33m>[39m
[31m[1m>[22m[39m[90m 22 
|[39m           
[33m<[39m[33mp[39m classN
ame[33m=[39m[32m"text-lg o
pacity-80"[39m[33m>[39m[3
3mProducts[39m [33mListed[
39m[33m<[39m[33m/[39m[33
mp[39m[33m>[39m
 [90m    |[39m             
                             
                      
[31m[1m^[22m[39m[0m

Expected '</', got '<eof>'


./Desktop/Riftshop/riftshop/a
pp/page.tsx:19:102
Parsing ecmascript source 
code failed
[0m [90m 17 |[39m     
[33m<[39m[33mheader[39m c
lassName[33m=[39m[32m"mb-1
2 
text-center"[39m[33m>[39m
 [90m 18 |[39m         
[33m<[39m[33mh1[39m class
Name[33m=[39m[32m"text-4xl
 font-extrabold 
text-gray-900 mb-4"[39m[33m
>[39m[33mMarketplace[39m[
33m<[39m[33m/[39m[33mh1[
39m[33m>[39m
[31m[1m>[22m[39m[90m 19 
|[39m         
[33m<[39m[33mp[39m classN
ame[33m=[39m[32m"text-lg t
ext-gray-600"[39m[33m>[39m
[33mDiscover[39m unique 
items [36mfrom[39m sellers 
around the world[33m.[39m[
33m<[39m[33m/[39m[33mp[3
9m[33m>[39m
 [90m    |[39m             
                             
                             
                             
  [31m[1m^[22m[39m[0m

Expected '</', got '<eof>'


    at <unknown> (./Desktop/R
iftshop/riftshop/app/(admin)/
dashboard/page.tsx:22:64)
    at <unknown> (./Desktop/R
iftshop/riftshop/app/page.tsx
:19:102)
